# z80bench segment map
# format: start<TAB>end<TAB>type<TAB>name<TAB>notes

0x000D	0x000F	DIRECT_BYTE	Unused_000D	
0x0044	0x0045	DIRECT_BYTE	Unused_0044	
0x0058	0x005F	DIRECT_BYTE	Unused_0058	
0x010F	0x011E	DEFINE_MSG	msg @ 0x010F-0x011E	
0x010A	0x010E	DIRECT_BYTE	bytes @ 0x010A-0x010E	
0x011F	0x011F	DIRECT_BYTE	bytes @ 0x011F	
0x0120	0x0129	DEFINE_MSG	msg @ 0x0120-0x0129	
0x012A	0x012C	DIRECT_BYTE	bytes @ 0x012A-0x012C	
0x0134	0x0134	DIRECT_BYTE	SET/RESET skip	
0x0137	0x0137	DIRECT_BYTE	RESET skip	
0x0191	0x019C	DIRECT_BYTE	bytes @ 0x0191-0x019C	
0x01D9	0x02AE	DIRECT_BYTE	KBD_TABLES	Keyboard code and token tables
0x02CF	0x030C	DIRECT_WORD	SOUND_FREQ	SOUND note frequency table
0x02AF	0x02B0	DIRECT_BYTE	PRN_GFX_80	Printer graphics char 0x80
0x02B1	0x02B2	DIRECT_BYTE	PRN_GFX_81	Printer graphics char 0x81
0x02B3	0x02B4	DIRECT_BYTE	PRN_GFX_82	Printer graphics char 0x82
0x02B5	0x02B6	DIRECT_BYTE	PRN_GFX_83	Printer graphics char 0x83
0x02B7	0x02B8	DIRECT_BYTE	PRN_GFX_84	Printer graphics char 0x84
0x02B9	0x02BA	DIRECT_BYTE	PRN_GFX_85	Printer graphics char 0x85
0x02BB	0x02BC	DIRECT_BYTE	PRN_GFX_86	Printer graphics char 0x86
0x02BD	0x02BE	DIRECT_BYTE	PRN_GFX_87	Printer graphics char 0x87
0x02BF	0x02C0	DIRECT_BYTE	PRN_GFX_88	Printer graphics char 0x88
0x02C1	0x02C2	DIRECT_BYTE	PRN_GFX_89	Printer graphics char 0x89
0x02C3	0x02C4	DIRECT_BYTE	PRN_GFX_8A	Printer graphics char 0x8A
0x02C5	0x02C6	DIRECT_BYTE	PRN_GFX_8B	Printer graphics char 0x8B
0x02C7	0x02C8	DIRECT_BYTE	PRN_GFX_8C	Printer graphics char 0x8C
0x02C9	0x02CA	DIRECT_BYTE	PRN_GFX_8D	Printer graphics char 0x8D
0x02CB	0x02CC	DIRECT_BYTE	PRN_GFX_8E	Printer graphics char 0x8E
0x02CD	0x02CE	DIRECT_BYTE	PRN_GFX_8F	Printer graphics char 0x8F
0x00B5	0x00BD	DIRECT_BYTE	bytes @ 0x00B5-0x00BD	
0x0321	0x0329	DIRECT_BYTE	SND_DUR_MULT	SOUND duration multipliers (1-9)
0x0361	0x037F	DIRECT_BYTE	SND_TIME_BASE	SOUND base timing table per note
0x0380	0x0381	DEFINE_MSG	MSG_OK	VERIFY OK text
0x0382	0x0383	DIRECT_BYTE	MSG_OK_TERM	VERIFY OK terminator
0x0384	0x0388	DEFINE_MSG	MSG_ERROR	VERIFY ERROR text
0x0389	0x038A	DIRECT_BYTE	MSG_ERROR_TERM	VERIFY ERROR terminator
0x0570	0x0573	DEFINE_MSG	CMD_RUN	Auto-start command text
0x0574	0x0574	DIRECT_BYTE	CMD_RUN_TERM	RUN command terminator
0x06ED	0x06EE	DEFINE_MSG	DCB_KBD_NAME	Keyboard DCB name
0x06FD	0x06FE	DEFINE_MSG	DCB_PRN_NAME	Printer DCB name
0x06E7	0x06E7	DIRECT_BYTE	KBD_DCB_TYPE	
0x06E8	0x06E9	DIRECT_WORD	KBD_DRIVER_ADDR	
0x06EA	0x06EC	DIRECT_BYTE	KBD_DCB_RES	
0x06EF	0x06EF	DIRECT_BYTE	SCR_DCB_TYPE	
0x06F0	0x06F1	DIRECT_WORD	SCR_DCB_USED_BY	
0x06F2	0x06F3	DIRECT_WORD	SCR_CURSOR_ADDR	
0x06F4	0x06F6	DIRECT_BYTE	SCR_DCB_RES	
0x06F7	0x06F7	DIRECT_BYTE	PRN_DCB_TYPE	
0x06F8	0x06F9	DIRECT_WORD	PRN_DRIVER_ADDR	
0x06FA	0x06FA	DIRECT_BYTE	PRN_LINES_PAGE	
0x06FB	0x06FB	DIRECT_BYTE	PRN_LINE_COUNT	
0x06FC	0x06FC	DIRECT_BYTE	PRN_DCB_RES	
0x07F8	0x07FB	DIRECT_BYTE	FONE	
0x07FC	0x0808	DIRECT_BYTE	LOGCN2	
0x08D8	0x08D8	DIRECT_BYTE	JP NC trick	Used to skip next two bytes
0x0C25	0x0C25	DIRECT_BYTE	IMULT_LD_BC_TRICK	Skip next 2 bytes
0x0E11	0x0E11	DIRECT_BYTE	DMULT_JP_C_TRICK	Skip next 2 bytes
0x0E6B	0x0E6B	DIRECT_BYTE	FIN_OR_TRICK	Used to skip XOR A if entered at 0E6B
0x0FA1	0x0FA1	DIRECT_BYTE	FINEDG_TRICK	Used to skip LD E,32 if entered at 0FA1
0x10F8	0x10F8	DIRECT_BYTE	PUSTR_LD_BC_TRICK	Used to skip next two bytes
0x11AF	0x11AF	DIRECT_BYTE	PUSTR_LD_BC_TRICK_2	Used to skip next two bytes
0x1364	0x136B	DIRECT_BYTE	TENTEN	Constant 10,000,000,000 (Double)
0x136C	0x1373	DIRECT_BYTE	FOUTDL	Constant 999,999,999,999,999.95 (Double)
0x1374	0x137B	DIRECT_BYTE	FOUTDU	Constant 9,999,999,999,999,999.5 (Double)
0x137C	0x137F	DIRECT_BYTE	DHALF	Constant 0.5 (Double)
0x1380	0x1383	DIRECT_BYTE	FHALF	Constant 0.5 (Single)
0x1384	0x138B	DIRECT_BYTE	FFXDXM	Constant 10^16 (Double)
0x138C	0x1392	DIRECT_BYTE	FODTBL_16	10^16 (Double)
0x1393	0x1399	DIRECT_BYTE	FODTBL_15	10^15 (Double)
0x139A	0x13A0	DIRECT_BYTE	FODTBL_14	10^14 (Double)
0x13A1	0x13A7	DIRECT_BYTE	FODTBL_13	10^13 (Double)
0x13A8	0x13AE	DIRECT_BYTE	FODTBL_12	10^12 (Double)
0x13AF	0x13B5	DIRECT_BYTE	FODTBL_11	10^11 (Double)
0x13B6	0x13BC	DIRECT_BYTE	FODTBL_10	10^10 (Double)
0x13BD	0x13C3	DIRECT_BYTE	FODTBL_09	10^9 (Double)
0x13C4	0x13CA	DIRECT_BYTE	FODTBL_08	10^8 (Double)
0x13CB	0x13D1	DIRECT_BYTE	FODTBL_07	10^7 (Double)
0x13D2	0x13D4	DIRECT_BYTE	FOSTBL_06	10^6 (Single 3-byte)
0x13D5	0x13D7	DIRECT_BYTE	FOSTBL_05	10^5 (Single 3-byte)
0x13D8	0x13D9	DIRECT_BYTE	FOITBL_10000	10,000 (Integer)
0x13DA	0x13DB	DIRECT_BYTE	FOITBL_1000	1,000 (Integer)
0x13DC	0x13DD	DIRECT_BYTE	FOITBL_100	100 (Integer)
0x13DE	0x13DF	DIRECT_BYTE	FOITBL_10	10 (Integer)
0x13E0	0x13E1	DIRECT_BYTE	FOITBL_1	1 (Integer)
0x1479	0x1479	DIRECT_BYTE	EXP_SERIES_COUNT	Number of constants = 8
0x147A	0x147D	DIRECT_BYTE	EXP_SERIES_1	Constant 1
0x147E	0x1481	DIRECT_BYTE	EXP_SERIES_2	Constant 2
0x1482	0x1485	DIRECT_BYTE	EXP_SERIES_3	Constant 3
0x1486	0x1489	DIRECT_BYTE	EXP_SERIES_4	Constant 4
0x148A	0x148D	DIRECT_BYTE	EXP_SERIES_5	Constant 5
0x148E	0x1491	DIRECT_BYTE	EXP_SERIES_6	Constant 6
0x1492	0x1495	DIRECT_BYTE	EXP_SERIES_7	Constant 7
0x1496	0x1499	DIRECT_BYTE	EXP_SERIES_8	Constant 8
0x14B1	0x14B1	DIRECT_BYTE	POLYN_LD_B_TRICK	Used to skip POP AF if entered at 0x14B1
0x158B	0x158E	DIRECT_BYTE	PI_2_CONST	PI/2 constant
0x158F	0x1592	DIRECT_BYTE	F025_CONST	0.25 constant
0x1593	0x1593	DIRECT_BYTE	SIN_SERIES_COUNT	
0x1594	0x15A7	DIRECT_BYTE	SIN_SERIES_CONSTS	
0x15E3	0x1607	DIRECT_BYTE	ATN_SERIES	
