# z80bench segment map
# format: start<TAB>end<TAB>type<TAB>name<TAB>notes

0x000D	0x005F	DIRECT_BYTE	UNUSED_DATA_1	
0x00B5	0x00BD	DIRECT_BYTE	bytes @ 0x00B5-0x00BD	
0x010A	0x012C	DIRECT_BYTE	BANNER_DATA	
0x0134	0x0134	DIRECT_BYTE	SET/RESET skip	
0x0137	0x0137	DIRECT_BYTE	RESET skip	
0x0191	0x019C	DIRECT_BYTE	bytes @ 0x0191-0x019C	
0x01D9	0x02AE	DIRECT_BYTE	KBD_TABLES	Keyboard code and token tables
0x02AF	0x02CE	DIRECT_BYTE	PRN_GFX_TABLE	Printer graphics char table
0x02CF	0x030C	DIRECT_WORD	SOUND_FREQ	SOUND note frequency table
0x0321	0x0329	DIRECT_BYTE	SND_DUR_MULT	SOUND duration multipliers (1-9)
0x0361	0x037F	DIRECT_BYTE	SND_TIME_BASE	SOUND base timing table per note
0x0380	0x0381	DEFINE_MSG	MSG_OK	VERIFY OK text
0x0382	0x0383	DIRECT_BYTE	MSG_OK_TERM	VERIFY OK terminator
0x0384	0x0388	DEFINE_MSG	MSG_ERROR	VERIFY ERROR text
0x0389	0x038A	DIRECT_BYTE	MSG_ERROR_TERM	VERIFY ERROR terminator
0x0570	0x0574	DIRECT_BYTE	CMD_RUN_DATA	
0x06ED	0x06EE	DEFINE_MSG	DCB_KBD_NAME	Keyboard DCB name
0x06FD	0x06FE	DEFINE_MSG	DCB_PRN_NAME	Printer DCB name
0x06E7	0x06FC	DIRECT_BYTE	DCB_DATA	
0x08D8	0x08D8	DIRECT_BYTE	JP NC trick	
0x0C25	0x0C25	DIRECT_BYTE	IMULT_LD_BC_TRICK	
0x0E11	0x0E11	DIRECT_BYTE	DMULT_JP_C_TRICK	
0x0E6B	0x0E6B	DIRECT_BYTE	FIN_OR_TRICK	
0x0FA1	0x0FA1	DIRECT_BYTE	FINEDG_TRICK	
0x10F8	0x10F8	DIRECT_BYTE	PUSTR_LD_BC_TRICK	
0x11AF	0x11AF	DIRECT_BYTE	PUSTR_LD_BC_TRICK_2	
0x1364	0x13E1	DIRECT_BYTE	MATH_CONSTS_CHUNK	
0x1479	0x1499	DIRECT_BYTE	EXP_SERIES	
0x14B1	0x14B1	DIRECT_BYTE	POLYN_LD_B_TRICK	
0x158B	0x15A7	DIRECT_BYTE	MATH_CONSTS_2	
0x15E3	0x15E3	DIRECT_BYTE	ATN_COUNT	
0x15E4	0x15E7	DIRECT_BYTE	ATN_CONST1	
0x15E8	0x15EB	DIRECT_BYTE	ATN_CONST2	
0x15EC	0x15EF	DIRECT_BYTE	ATN_CONST3	
0x15F0	0x15F3	DIRECT_BYTE	ATN_CONST4	
0x15F4	0x15F7	DIRECT_BYTE	ATN_CONST5	
0x15F8	0x15FB	DIRECT_BYTE	ATN_CONST6	
0x15FC	0x15FF	DIRECT_BYTE	ATN_CONST7	
0x1600	0x1603	DIRECT_BYTE	ATN_CONST8	
0x1604	0x1607	DIRECT_BYTE	ATN_CONST9	
0x1608	0x164F	DIRECT_WORD	FN_JUMP_TABLE	
0x1650	0x1650	DIRECT_BYTE	KWD_80_END	
0x1651	0x1652	DEFINE_MSG	KWD_80_END_S	
0x1653	0x1653	DIRECT_BYTE	KWD_81_FOR	
0x1654	0x1655	DEFINE_MSG	KWD_81_FOR_S	
0x1656	0x1656	DIRECT_BYTE	KWD_82_RESET	
0x1657	0x165A	DEFINE_MSG	KWD_82_RESET_S	
0x165B	0x165B	DIRECT_BYTE	KWD_83_SET	
0x165C	0x165D	DEFINE_MSG	KWD_83_SET_S	
0x165E	0x165E	DIRECT_BYTE	KWD_84_CLS	
0x165F	0x1660	DEFINE_MSG	KWD_84_CLS_S	
0x1661	0x1676	DIRECT_BYTE	KWD_CH1_REST	
0x1677	0x169B	DIRECT_BYTE	KWD_CH2	
0x169C	0x16BF	DIRECT_BYTE	KWD_CH3	
0x16C0	0x16DF	DIRECT_BYTE	KWD_CH4	
0x16E0	0x16FF	DIRECT_BYTE	KWD_CH5	
0x1700	0x171F	DIRECT_BYTE	KWD_CH6	
0x1720	0x173F	DIRECT_BYTE	KWD_CH7	
0x1740	0x175F	DIRECT_BYTE	KWD_CH8	
0x1760	0x177F	DIRECT_BYTE	KWD_CH9	
0x1780	0x179F	DIRECT_BYTE	KWD_CH10	
0x17A0	0x17BF	DIRECT_BYTE	KWD_CH11	
0x17C0	0x17DF	DIRECT_BYTE	KWD_CH12	
0x17E0	0x17FF	DIRECT_BYTE	KWD_CH13	
0x1800	0x1821	DIRECT_BYTE	KWD_CH14	
0x1822	0x1899	DIRECT_WORD	CMD_JUMP_TABLE	
0x189A	0x189A	DIRECT_BYTE	OP_PRI_1	
0x189B	0x189B	DIRECT_BYTE	OP_PRI_2	
0x189C	0x189C	DIRECT_BYTE	OP_PRI_3	
0x189D	0x189D	DIRECT_BYTE	OP_PRI_4	
0x189E	0x189E	DIRECT_BYTE	OP_PRI_5	
0x189F	0x189F	DIRECT_BYTE	OP_PRI_6	
0x18A0	0x18A0	DIRECT_BYTE	OP_PRI_7	
0x18A1	0x18AA	DIRECT_WORD	TYPE_JUMP_TABLE	
0x18AB	0x18C8	DIRECT_WORD	MATH_JUMP_TABLE	
0x18C9	0x18CA	DIRECT_BYTE	ERR_1	
0x18CB	0x18CC	DIRECT_BYTE	ERR_2	
0x18CD	0x18CE	DIRECT_BYTE	ERR_3	
0x18CF	0x18D0	DIRECT_BYTE	ERR_4	
0x18D1	0x18D2	DIRECT_BYTE	ERR_5	
0x18D3	0x18D4	DIRECT_BYTE	ERR_6	
0x18D5	0x18D6	DIRECT_BYTE	ERR_7	
0x18D7	0x18D8	DIRECT_BYTE	ERR_8	
0x18D9	0x18DA	DIRECT_BYTE	ERR_9	
0x18DB	0x18DC	DIRECT_BYTE	ERR_10	
0x18DD	0x18DE	DIRECT_BYTE	ERR_11	
0x18DF	0x18E0	DIRECT_BYTE	ERR_12	
0x18E1	0x18E2	DIRECT_BYTE	ERR_13	
0x18E3	0x18E4	DIRECT_BYTE	ERR_14	
0x18E5	0x18E6	DIRECT_BYTE	ERR_15	
0x18E7	0x18E8	DIRECT_BYTE	ERR_16	
0x18E9	0x18EA	DIRECT_BYTE	ERR_17	
0x18EB	0x18EC	DIRECT_BYTE	ERR_18	
0x18ED	0x18EE	DIRECT_BYTE	ERR_19	
0x18EF	0x18F0	DIRECT_BYTE	ERR_20	
0x18F1	0x18F2	DIRECT_BYTE	ERR_21	
0x18F3	0x18F4	DIRECT_BYTE	ERR_22	
0x18F5	0x18F6	DIRECT_BYTE	ERR_23	
