# z80bench segment map
# format: start<TAB>end<TAB>type<TAB>name<TAB>notes

0x00B5	0x00BD	DIRECT_BYTE	bytes @ 0x00B5-0x00BD	
0x010A	0x012C	DIRECT_BYTE	BANNER_DATA	
0x0134	0x0134	DIRECT_BYTE	SET/RESET skip	
0x0137	0x0137	DIRECT_BYTE	RESET skip	
0x0191	0x019C	DIRECT_BYTE	bytes @ 0x0191-0x019C	
0x01D9	0x02AE	DIRECT_BYTE	KBD_TABLES	Keyboard code and token tables
0x02AF	0x02CE	DIRECT_BYTE	PRN_GFX_TABLE	Printer graphics char table
0x02CF	0x030C	DIRECT_WORD	SOUND_FREQ	SOUND note frequency table
0x0321	0x0329	DIRECT_BYTE	SND_DUR_MULT	SOUND duration multipliers (1-9)
0x0361	0x037F	DIRECT_BYTE	SND_TIME_BASE	SOUND base timing table per note
0x0380	0x0381	DEFINE_MSG	MSG_OK	VERIFY OK text
0x0382	0x0383	DIRECT_BYTE	MSG_OK_TERM	VERIFY OK terminator
0x0384	0x0388	DEFINE_MSG	MSG_ERROR	VERIFY ERROR text
0x0389	0x038A	DIRECT_BYTE	MSG_ERROR_TERM	VERIFY ERROR terminator
0x0570	0x0574	DIRECT_BYTE	CMD_RUN_DATA	
0x06ED	0x06EE	DEFINE_MSG	DCB_KBD_NAME	Keyboard DCB name
0x06FD	0x06FE	DEFINE_MSG	DCB_PRN_NAME	Printer DCB name
0x06E7	0x06FC	DIRECT_BYTE	DCB_DATA	
0x08D8	0x08D8	DIRECT_BYTE	JP NC trick	
0x0C25	0x0C25	DIRECT_BYTE	IMULT_LD_BC_TRICK	
0x0E11	0x0E11	DIRECT_BYTE	DMULT_JP_C_TRICK	
0x0E6B	0x0E6B	DIRECT_BYTE	FIN_OR_TRICK	
0x0FA1	0x0FA1	DIRECT_BYTE	FINEDG_TRICK	
0x10F8	0x10F8	DIRECT_BYTE	PUSTR_LD_BC_TRICK	
0x11AF	0x11AF	DIRECT_BYTE	PUSTR_LD_BC_TRICK_2	
0x1364	0x13E1	DIRECT_BYTE	MATH_CONSTS_CHUNK	
0x1479	0x1499	DIRECT_BYTE	EXP_SERIES	
0x14B1	0x14B1	DIRECT_BYTE	POLYN_LD_B_TRICK	
0x158B	0x15A7	DIRECT_BYTE	MATH_CONSTS_2	
0x15E3	0x15E3	DIRECT_BYTE	ATN_COUNT	
0x15E4	0x15E7	DIRECT_BYTE	ATN_CONST1	
0x15E8	0x15EB	DIRECT_BYTE	ATN_CONST2	
0x15EC	0x15EF	DIRECT_BYTE	ATN_CONST3	
0x15F0	0x15F3	DIRECT_BYTE	ATN_CONST4	
0x15F4	0x15F7	DIRECT_BYTE	ATN_CONST5	
0x15F8	0x15FB	DIRECT_BYTE	ATN_CONST6	
0x15FC	0x15FF	DIRECT_BYTE	ATN_CONST7	
0x1600	0x1603	DIRECT_BYTE	ATN_CONST8	
0x1604	0x1607	DIRECT_BYTE	ATN_CONST9	
0x1608	0x164F	DIRECT_WORD	FN_JUMP_TABLE	
0x1650	0x1650	DIRECT_BYTE	KWD_80_END	
0x1651	0x1652	DEFINE_MSG	KWD_80_END_S	
0x1653	0x1653	DIRECT_BYTE	KWD_81_FOR	
0x1654	0x1655	DEFINE_MSG	KWD_81_FOR_S	
0x1656	0x1656	DIRECT_BYTE	KWD_82_RESET	
0x1657	0x165A	DEFINE_MSG	KWD_82_RESET_S	
0x165B	0x165B	DIRECT_BYTE	KWD_83_SET	
0x165C	0x165D	DEFINE_MSG	KWD_83_SET_S	
0x165E	0x165E	DIRECT_BYTE	KWD_84_CLS	
0x165F	0x1660	DEFINE_MSG	KWD_84_CLS_S	
0x1661	0x1661	DIRECT_BYTE	KWD_85_CMD	
0x1662	0x1663	DIRECT_BYTE	KWD_85_CMD_S	
0x1664	0x1664	DIRECT_BYTE	KWD_86_RANDOM	
0x1665	0x1669	DIRECT_BYTE	KWD_86_RANDOM_S	
0x166A	0x166A	DIRECT_BYTE	KWD_87_NEXT	
0x166B	0x166D	DEFINE_MSG	KWD_87_NEXT_S	
0x166E	0x166E	DIRECT_BYTE	KWD_88_DATA	
0x166F	0x1671	DEFINE_MSG	KWD_88_DATA_S	
0x1672	0x1672	DIRECT_BYTE	KWD_89_INPUT	
0x1673	0x1676	DEFINE_MSG	KWD_89_INPUT_S	
0x1677	0x1677	DIRECT_BYTE	KWD_8A_DIM	
0x1678	0x1679	DEFINE_MSG	KWD_8A_DIM_S	
0x167A	0x167A	DIRECT_BYTE	KWD_8B_READ	
0x167B	0x167D	DEFINE_MSG	KWD_8B_READ_S	
0x167E	0x167E	DIRECT_BYTE	KWD_8C_LET	
0x167F	0x1680	DEFINE_MSG	KWD_8C_LET_S	
0x1681	0x1681	DIRECT_BYTE	KWD_8D_GOTO	
0x1682	0x1684	DEFINE_MSG	KWD_8D_GOTO_S	
0x1685	0x1685	DIRECT_BYTE	KWD_8E_RUN	
0x1686	0x1687	DEFINE_MSG	KWD_8E_RUN_S	
0x1688	0x1688	DIRECT_BYTE	KWD_8F_IF	
0x1689	0x1689	DEFINE_MSG	KWD_8F_IF_S	
0x168A	0x168A	DIRECT_BYTE	KWD_90_RESTORE	
0x168B	0x1690	DEFINE_MSG	KWD_90_RESTORE_S	
0x1691	0x1691	DIRECT_BYTE	KWD_91_GOSUB	
0x1692	0x1695	DEFINE_MSG	KWD_91_GOSUB_S	
0x1696	0x1696	DIRECT_BYTE	KWD_92_RETURN	
0x1697	0x169B	DEFINE_MSG	KWD_92_RETURN_S	
0x169C	0x169C	DIRECT_BYTE	KWD_93_REM	
0x169D	0x169E	DEFINE_MSG	KWD_93_REM_S	
0x169F	0x169F	DIRECT_BYTE	KWD_94_STOP	
0x16A0	0x16A2	DEFINE_MSG	KWD_94_STOP_S	
0x16A3	0x16A3	DIRECT_BYTE	KWD_95_ELSE	
0x16A4	0x16A6	DEFINE_MSG	KWD_95_ELSE_S	
0x16A7	0x16A7	DIRECT_BYTE	KWD_96_COPY	
0x16A8	0x16AA	DEFINE_MSG	KWD_96_COPY_S	
0x16AB	0x16AB	DIRECT_BYTE	KWD_97_COLOR	
0x16AC	0x16AF	DEFINE_MSG	KWD_97_COLOR_S	
0x16B0	0x16B0	DIRECT_BYTE	KWD_98_VERIFY	
0x16B1	0x16B5	DEFINE_MSG	KWD_98_VERIFY_S	
0x16B6	0x16B6	DIRECT_BYTE	KWD_99_DEFINT	
0x16B7	0x16BB	DIRECT_BYTE	KWD_99_DEFINT_S	
0x16BC	0x16BC	DIRECT_BYTE	KWD_9A_DEFSNG	
0x16BD	0x16C1	DIRECT_BYTE	KWD_9A_DEFSNG_S	
0x16C2	0x16C2	DIRECT_BYTE	KWD_9B_DEFDBL	
0x16C3	0x16C7	DIRECT_BYTE	KWD_9B_DEFDBL_S	
0x16C8	0x16C8	DIRECT_BYTE	KWD_9C_CRUN	
0x16C9	0x16CB	DEFINE_MSG	KWD_9C_CRUN_S	
0x16CC	0x16CC	DIRECT_BYTE	KWD_9D_MODE	
0x16CD	0x16CF	DEFINE_MSG	KWD_9D_MODE_S	
0x16D0	0x16D0	DIRECT_BYTE	KWD_9E_SOUND	
0x16D1	0x16D4	DEFINE_MSG	KWD_9E_SOUND_S	
0x16D5	0x16D5	DIRECT_BYTE	KWD_9F_RESUME	
0x16D6	0x16DA	DIRECT_BYTE	KWD_9F_RESUME_S	
0x16DB	0x16DB	DIRECT_BYTE	KWD_A0_OUT	
0x16DC	0x16DD	DEFINE_MSG	KWD_A0_OUT_S	
0x16DE	0x16DE	DIRECT_BYTE	KWD_A1_ON	
0x16DF	0x16DF	DIRECT_BYTE	KWD_A1_ON_S	
0x16E0	0x16E0	DIRECT_BYTE	KWD_A2_OPEN	
0x16E1	0x16E3	DIRECT_BYTE	KWD_A2_OPEN_S	
0x16E4	0x16E4	DIRECT_BYTE	KWD_A3_FIELD	
0x16E5	0x16E8	DIRECT_BYTE	KWD_A3_FIELD_S	
0x16E9	0x16E9	DIRECT_BYTE	KWD_A4_GET	
0x16EA	0x16EB	DIRECT_BYTE	KWD_A4_GET_S	
0x16EC	0x16EC	DIRECT_BYTE	KWD_A5_PUT	
0x16ED	0x16EE	DIRECT_BYTE	KWD_A5_PUT_S	
0x16EF	0x16EF	DIRECT_BYTE	KWD_A6_CLOSE	
0x16F0	0x16F3	DIRECT_BYTE	KWD_A6_CLOSE_S	
0x16F4	0x16F4	DIRECT_BYTE	KWD_A7_LOAD	
0x16F5	0x16F7	DIRECT_BYTE	KWD_A7_LOAD_S	
0x16F8	0x16F8	DIRECT_BYTE	KWD_A8_MERGE	
0x16F9	0x16FC	DIRECT_BYTE	KWD_A8_MERGE_S	
0x16FD	0x16FD	DIRECT_BYTE	KWD_A9_NAME	
0x16FE	0x1700	DIRECT_BYTE	KWD_A9_NAME_S	
0x1701	0x1701	DIRECT_BYTE	KWD_AA_KILL	
0x1702	0x1704	DIRECT_BYTE	KWD_AA_KILL_S	
0x1705	0x1705	DIRECT_BYTE	KWD_AB_LSET	
0x1706	0x1708	DIRECT_BYTE	KWD_AB_LSET_S	
0x1709	0x1709	DIRECT_BYTE	KWD_AC_RSET	
0x170A	0x170C	DIRECT_BYTE	KWD_AC_RSET_S	
0x170D	0x170D	DIRECT_BYTE	KWD_AD_SAVE	
0x170E	0x1710	DIRECT_BYTE	KWD_AD_SAVE_S	
0x1711	0x1711	DIRECT_BYTE	KWD_AE_SYSTEM	
0x1712	0x1716	DIRECT_BYTE	KWD_AE_SYSTEM_S	
0x1717	0x1717	DIRECT_BYTE	KWD_AF_LPRINT	
0x1718	0x171C	DEFINE_MSG	KWD_AF_LPRINT_S	
0x171D	0x171D	DIRECT_BYTE	KWD_B0_DEF	
0x171E	0x171F	DIRECT_BYTE	KWD_B0_DEF_S	
0x1720	0x1720	DIRECT_BYTE	KWD_B1_POKE	
0x1721	0x1723	DEFINE_MSG	KWD_B1_POKE_S	
0x1724	0x1724	DIRECT_BYTE	KWD_B2_PRINT	
0x1725	0x1728	DEFINE_MSG	KWD_B2_PRINT_S	
0x1729	0x1729	DIRECT_BYTE	KWD_B3_CONT	
0x172A	0x172C	DEFINE_MSG	KWD_B3_CONT_S	
0x172D	0x172D	DIRECT_BYTE	KWD_B4_LIST	
0x172E	0x1730	DEFINE_MSG	KWD_B4_LIST_S	
0x1731	0x1731	DIRECT_BYTE	KWD_B5_LLIST	
0x1732	0x1735	DEFINE_MSG	KWD_B5_LLIST_S	
0x1822	0x1899	DIRECT_WORD	CMD_JUMP_TABLE	
0x189A	0x189A	DIRECT_BYTE	OP_PRI_1	
0x189B	0x189B	DIRECT_BYTE	OP_PRI_2	
0x189C	0x189C	DIRECT_BYTE	OP_PRI_3	
0x189D	0x189D	DIRECT_BYTE	OP_PRI_4	
0x189E	0x189E	DIRECT_BYTE	OP_PRI_5	
0x189F	0x189F	DIRECT_BYTE	OP_PRI_6	
0x18A0	0x18A0	DIRECT_BYTE	OP_PRI_7	
0x18A1	0x18AA	DIRECT_WORD	TYPE_JUMP_TABLE	
0x18AB	0x18C8	DIRECT_WORD	MATH_JUMP_TABLE	
0x18C9	0x18CA	DIRECT_BYTE	ERR_1	
0x18CB	0x18CC	DIRECT_BYTE	ERR_2	
0x18CD	0x18CE	DIRECT_BYTE	ERR_3	
0x18CF	0x18D0	DIRECT_BYTE	ERR_4	
0x18D1	0x18D2	DIRECT_BYTE	ERR_5	
0x18D3	0x18D4	DIRECT_BYTE	ERR_6	
0x18D5	0x18D6	DIRECT_BYTE	ERR_7	
0x18D7	0x18D8	DIRECT_BYTE	ERR_8	
0x18D9	0x18DA	DIRECT_BYTE	ERR_9	
0x18DB	0x18DC	DIRECT_BYTE	ERR_10	
0x18DD	0x18DE	DIRECT_BYTE	ERR_11	
0x18DF	0x18E0	DIRECT_BYTE	ERR_12	
0x18E1	0x18E2	DIRECT_BYTE	ERR_13	
0x18E3	0x18E4	DIRECT_BYTE	ERR_14	
0x18E5	0x18E6	DIRECT_BYTE	ERR_15	
0x18E7	0x18E8	DIRECT_BYTE	ERR_16	
0x18E9	0x18EA	DIRECT_BYTE	ERR_17	
0x18EB	0x18EC	DIRECT_BYTE	ERR_18	
0x18ED	0x18EE	DIRECT_BYTE	ERR_19	
0x18EF	0x18F0	DIRECT_BYTE	ERR_20	
0x18F1	0x18F2	DIRECT_BYTE	ERR_21	
0x18F3	0x18F4	DIRECT_BYTE	ERR_22	
0x18F5	0x18F6	DIRECT_BYTE	ERR_23	
0x1736	0x1736	DIRECT_BYTE	KWD_B6_DELETE	
0x1737	0x173B	DIRECT_BYTE	KWD_B6_DELETE_S	
0x173C	0x173C	DIRECT_BYTE	KWD_B7_AUTO	
0x173D	0x173F	DIRECT_BYTE	KWD_B7_AUTO_S	
0x1740	0x1740	DIRECT_BYTE	KWD_B8_CLEAR	
0x1741	0x1744	DEFINE_MSG	KWD_B8_CLEAR_S	
0x1745	0x1745	DIRECT_BYTE	KWD_B9_CLOAD	
0x1746	0x1749	DEFINE_MSG	KWD_B9_CLOAD_S	
0x174A	0x174A	DIRECT_BYTE	KWD_BA_CSAVE	
0x174B	0x174E	DEFINE_MSG	KWD_BA_CSAVE_S	
0x174F	0x174F	DIRECT_BYTE	KWD_BB_NEW	
0x1750	0x1751	DEFINE_MSG	KWD_BB_NEW_S	
0x1752	0x1752	DIRECT_BYTE	KWD_BC_TAB	
0x1753	0x1755	DEFINE_MSG	KWD_BC_TAB_S	
0x1756	0x1756	DIRECT_BYTE	KWD_BD_TO	
0x1757	0x1757	DEFINE_MSG	KWD_BD_TO_S	
0x1758	0x1758	DIRECT_BYTE	KWD_BE_FN	
0x1759	0x1759	DIRECT_BYTE	KWD_BE_FN_S	
0x175A	0x175A	DIRECT_BYTE	KWD_BF_USING	
0x175B	0x175E	DEFINE_MSG	KWD_BF_USING_S	
0x175F	0x175F	DIRECT_BYTE	KWD_C0_VARPTR	
0x1760	0x1764	DIRECT_BYTE	KWD_C0_VARPTR_S	
0x1765	0x1765	DIRECT_BYTE	KWD_C1_USR	
0x1766	0x1767	DEFINE_MSG	KWD_C1_USR_S	
0x1768	0x1768	DIRECT_BYTE	KWD_C2_ERL	
0x1769	0x176A	DIRECT_BYTE	KWD_C2_ERL_S	
0x176B	0x176B	DIRECT_BYTE	KWD_C3_ERR	
0x176C	0x176D	DIRECT_BYTE	KWD_C3_ERR_S	
0x176E	0x176E	DIRECT_BYTE	KWD_C4_STRINGS	
0x176F	0x1774	DIRECT_BYTE	KWD_C4_STRINGS_S	
0x1775	0x1775	DIRECT_BYTE	KWD_C5_INSTR	
0x1776	0x1779	DIRECT_BYTE	KWD_C5_INSTR_S	
0x177A	0x177A	DIRECT_BYTE	KWD_C6_POINT	
0x177B	0x177E	DEFINE_MSG	KWD_C6_POINT_S	
0x177F	0x177F	DIRECT_BYTE	KWD_C7_TIMES	
0x1780	0x1783	DIRECT_BYTE	KWD_C7_TIMES_S	
0x1784	0x1784	DIRECT_BYTE	KWD_C8_MEM	
0x1785	0x1786	DIRECT_BYTE	KWD_C8_MEM_S	
0x1787	0x1787	DIRECT_BYTE	KWD_C9_INKEYS	
0x1788	0x178C	DEFINE_MSG	KWD_C9_INKEYS_S	
0x178D	0x178D	DIRECT_BYTE	KWD_CA_THEN	
0x178E	0x1790	DEFINE_MSG	KWD_CA_THEN_S	
0x1791	0x1791	DIRECT_BYTE	KWD_CB_NOT	
0x1792	0x1793	DEFINE_MSG	KWD_CB_NOT_S	
0x1794	0x1794	DIRECT_BYTE	KWD_CC_STEP	
0x1795	0x1797	DEFINE_MSG	KWD_CC_STEP_S	
0x1798	0x1798	DIRECT_BYTE	KWD_CD_PLUS	
0x1799	0x1799	DIRECT_BYTE	KWD_CE_MINUS	
0x179A	0x179A	DIRECT_BYTE	KWD_CF_MUL	
0x179B	0x179B	DIRECT_BYTE	KWD_D0_DIV	
0x179C	0x179C	DIRECT_BYTE	KWD_D1_UP	
0x179D	0x179D	DIRECT_BYTE	KWD_D2_AND	
0x179E	0x179F	DEFINE_MSG	KWD_D2_AND_S	
0x17A0	0x17A0	DIRECT_BYTE	KWD_D3_OR	
0x17A1	0x17A1	DEFINE_MSG	KWD_D3_OR_S	
0x17A2	0x17A2	DIRECT_BYTE	KWD_D4_GT	
0x17A3	0x17A3	DIRECT_BYTE	KWD_D5_EQ	
0x17A4	0x17A4	DIRECT_BYTE	KWD_D6_LT	
0x17A5	0x17A5	DIRECT_BYTE	KWD_D7_SGN	
0x17A6	0x17A7	DEFINE_MSG	KWD_D7_SGN_S	
0x17A8	0x17A8	DIRECT_BYTE	KWD_D8_INT	
0x17A9	0x17AA	DEFINE_MSG	KWD_D8_INT_S	
0x17AB	0x17AB	DIRECT_BYTE	KWD_D9_ABS	
0x17AC	0x17AD	DEFINE_MSG	KWD_D9_ABS_S	
0x17AE	0x17AE	DIRECT_BYTE	KWD_DA_FRE	
0x17AF	0x17B0	DIRECT_BYTE	KWD_DA_FRE_S	
0x17B1	0x17B1	DIRECT_BYTE	KWD_DB_INP	
0x17B2	0x17B3	DEFINE_MSG	KWD_DB_INP_S	
0x17B4	0x17B4	DIRECT_BYTE	KWD_DC_POS	
0x17B5	0x17B6	DIRECT_BYTE	KWD_DC_POS_S	
0x17B7	0x17B7	DIRECT_BYTE	KWD_DD_SQR	
0x17B8	0x17B9	DEFINE_MSG	KWD_DD_SQR_S	
0x17BA	0x17BA	DIRECT_BYTE	KWD_DE_RND	
0x17BB	0x17BC	DEFINE_MSG	KWD_DE_RND_S	
0x17BD	0x17BD	DIRECT_BYTE	KWD_DF_LOG	
0x17BE	0x17BF	DEFINE_MSG	KWD_DF_LOG_S	
0x17C0	0x17C0	DIRECT_BYTE	KWD_E0_EXP	
0x17C1	0x17C2	DEFINE_MSG	KWD_E0_EXP_S	
0x17C3	0x17C3	DIRECT_BYTE	KWD_E1_COS	
0x17C4	0x17C5	DEFINE_MSG	KWD_E1_COS_S	
0x17C6	0x17C6	DIRECT_BYTE	KWD_E2_SIN	
0x17C7	0x17C8	DEFINE_MSG	KWD_E2_SIN_S	
0x17C9	0x17C9	DIRECT_BYTE	KWD_E3_TAN	
0x17CA	0x17CB	DEFINE_MSG	KWD_E3_TAN_S	
0x17CC	0x17CC	DIRECT_BYTE	KWD_E4_ATN	
0x17CD	0x17CE	DEFINE_MSG	KWD_E4_ATN_S	
0x17CF	0x17CF	DIRECT_BYTE	KWD_E5_PEEK	
0x17D0	0x17D2	DEFINE_MSG	KWD_E5_PEEK_S	
0x17D3	0x17D3	DIRECT_BYTE	KWD_E6_CVI	
0x17D4	0x17D5	DIRECT_BYTE	KWD_E6_CVI_S	
0x17D6	0x17D6	DIRECT_BYTE	KWD_E7_CVS	
0x17D7	0x17D8	DIRECT_BYTE	KWD_E7_CVS_S	
0x17D9	0x17D9	DIRECT_BYTE	KWD_E8_CVD	
0x17DA	0x17DB	DIRECT_BYTE	KWD_E8_CVD_S	
0x17DC	0x17DC	DIRECT_BYTE	KWD_E9_EOF	
0x17DD	0x17DE	DIRECT_BYTE	KWD_E9_EOF_S	
0x17DF	0x17DF	DIRECT_BYTE	KWD_EA_LOC	
0x17E0	0x17E1	DIRECT_BYTE	KWD_EA_LOC_S	
0x17E2	0x17E2	DIRECT_BYTE	KWD_EB_LOF	
0x17E3	0x17E4	DIRECT_BYTE	KWD_EB_LOF_S	
0x17E5	0x17E5	DIRECT_BYTE	KWD_EC_MKIS	
0x17E6	0x17E8	DIRECT_BYTE	KWD_EC_MKIS_S	
0x17E9	0x17E9	DIRECT_BYTE	KWD_ED_MKSS	
0x17EA	0x17EC	DIRECT_BYTE	KWD_ED_MKSS_S	
0x17ED	0x17ED	DIRECT_BYTE	KWD_EE_MKDS	
0x17EE	0x17F0	DIRECT_BYTE	KWD_EE_MKDS_S	
0x17F1	0x17F1	DIRECT_BYTE	KWD_EF_CINT	
0x17F2	0x17F4	DIRECT_BYTE	KWD_EF_CINT_S	
0x17F5	0x17F5	DIRECT_BYTE	KWD_F0_CSNG	
0x17F6	0x17F8	DIRECT_BYTE	KWD_F0_CSNG_S	
0x17F9	0x17F9	DIRECT_BYTE	KWD_F1_CDBL	
0x17FA	0x17FC	DIRECT_BYTE	KWD_F1_CDBL_S	
0x17FD	0x17FD	DIRECT_BYTE	KWD_F2_FIX	
0x17FE	0x17FF	DIRECT_BYTE	KWD_F2_FIX_S	
0x1800	0x1800	DIRECT_BYTE	KWD_F3_LEN	
0x1801	0x1802	DEFINE_MSG	KWD_F3_LEN_S	
0x1803	0x1803	DIRECT_BYTE	KWD_F4_STRS	
0x1804	0x1806	DEFINE_MSG	KWD_F4_STRS_S	
0x1807	0x1807	DIRECT_BYTE	KWD_F5_VAL	
0x1808	0x1809	DEFINE_MSG	KWD_F5_VAL_S	
0x180A	0x180A	DIRECT_BYTE	KWD_F6_ASC	
0x180B	0x180C	DEFINE_MSG	KWD_F6_ASC_S	
0x180D	0x180D	DIRECT_BYTE	KWD_F7_CHRS	
0x180E	0x1810	DEFINE_MSG	KWD_F7_CHRS_S	
0x1811	0x1811	DIRECT_BYTE	KWD_F8_LEFTS	
0x1812	0x1815	DEFINE_MSG	KWD_F8_LEFTS_S	
0x1816	0x1816	DIRECT_BYTE	KWD_F9_RIGHTS	
0x1817	0x181B	DEFINE_MSG	KWD_F9_RIGHTS_S	
0x181C	0x181C	DIRECT_BYTE	KWD_FA_MIDS	
0x181D	0x181F	DEFINE_MSG	KWD_FA_MIDS_S	
0x1820	0x1820	DIRECT_BYTE	KWD_FB_SPACE	
0x1821	0x1821	DIRECT_BYTE	KWD_END_TABLE	
0x18F7	0x1904	UNMAPPED	FDIV_HELPER_ROM	
0x1905	0x1906	DIRECT_WORD	USR_START_VEC_ROM	
0x1907	0x1909	DIRECT_BYTE	RND_MULT_ROM	
0x190A	0x190C	UNMAPPED	INP_HELPER_ROM	
0x190D	0x190F	UNMAPPED	OUT_HELPER_ROM	
0x1910	0x1910	DIRECT_BYTE	INKEY_BUF_ROM	
0x1911	0x1911	DIRECT_BYTE	LAST_ERR_ROM	
0x1912	0x1912	DIRECT_BYTE	PRN_POS_ROM	
0x1913	0x1913	DIRECT_BYTE	OUT_FLAG_ROM	
0x1914	0x1914	DIRECT_BYTE	LINE_LEN_ROM	
0x1915	0x1915	DIRECT_BYTE	TAB_POS_ROM	
0x1916	0x1916	DIRECT_BYTE	UNUSED_1916	
0x1917	0x1918	DIRECT_WORD	STR_SPACE_ROM	
0x1919	0x191A	DIRECT_WORD	CURR_LINE_ROM	
0x191B	0x191C	DIRECT_WORD	PROG_START_ROM	
0x191D	0x1923	DEFINE_MSG	MSG_ERROR_TEXT	
0x191D	0x1923	DIRECT_BYTE	MSG_ERROR_DATA	
0x1924	0x1928	DIRECT_BYTE	MSG_IN_DATA	
0x1929	0x192F	DIRECT_BYTE	MSG_READY_DATA	
0x1930	0x1935	DIRECT_BYTE	MSG_BREAK_DATA	
0x1999	0x1999	DIRECT_BYTE	SYNTAX_ERR_TRICK	
0x199C	0x199C	DIRECT_BYTE	DIV_ZERO_TRICK	
0x199F	0x199F	DIRECT_BYTE	NEXT_FOR_TRICK	
0x000D	0x000F	DIRECT_BYTE	UNUSED_DATA_1	
0x0044	0x0045	DIRECT_BYTE	UNUSED_DATA_2	
0x0058	0x005F	DIRECT_BYTE	UNUSED_DATA_3	
0x1A17	0x1A17	DIRECT_BYTE	TRICK_1A17	
0x1A71	0x1A72	DIRECT_BYTE	UNUSED_DATA_4	
0x1A79	0x1A7A	DIRECT_BYTE	UNUSED_DATA_5	
0x1B1E	0x1B1E	DIRECT_BYTE	LIST_DASH_TRICK	
0x1E02	0x1E02	DIRECT_BYTE	DEFINT_TRICK	
0x1E05	0x1E05	DIRECT_BYTE	DEFSNG_TRICK	
0x1E08	0x1E08	DIRECT_BYTE	DEFDBL_TRICK	
0x1DBD	0x1DBD	DIRECT_BYTE	END_TRICK	
0x1DF7	0x1DF7	DIRECT_BYTE	TRON_TRICK	
0x1F03	0x1F03	DIRECT_BYTE	RETURN_TRICK	
0x1F05	0x1F06	DIRECT_BYTE	DATA_TRICK	
0x1F25	0x1F25	DIRECT_BYTE	LET_TRICK_DATA	
0x1F59	0x1F59	DIRECT_BYTE	LET_TRICK_2	
0x1F72	0x1F72	DIRECT_BYTE	ON_GOTO_TOKEN	
0x1F9F	0x1F9F	DIRECT_BYTE	ON_GOSUB_GOTO_TOKEN	
0x1F25	0x1F25	DIRECT_BYTE	LET_EQUAL_TOKEN	
0x2017	0x2017	DIRECT_BYTE	AUTO_COMMA_TOKEN	
0x208E	0x208E	DIRECT_BYTE	PRINT_COMMA_TOKEN	
